
C:\Users\Vikas>cd C:\Users\Swati\Devops\DevopsAssignment1

C:\Users\Swati\Devops\DevopsAssignment1>git init
Reinitialized existing Git repository in C:/Users/Swati/Devops/DevopsAssignment1/.git/

C:\Users\Swati\Devops\DevopsAssignment1>git status
On branch production
Your branch is up to date with 'origin/production'.

Changes not staged for commit:
  (use "git add <file>..." to update what will be committed)
  (use "git restore <file>..." to discard changes in working directory)
        modified:   Import_Libraries

no changes added to commit (use "git add" and/or "git commit -a")

C:\Users\Swati\Devops\DevopsAssignment1>git add
Nothing specified, nothing added.
hint: Maybe you wanted to say 'git add .'?
hint: Turn this message off by running
hint: "git config advice.addEmptyPathspec false"

C:\Users\Swati\Devops\DevopsAssignment1>git add .

C:\Users\Swati\Devops\DevopsAssignment1>git commit -m "New Commit"
[production f8a289e] New Commit
 1 file changed, 1 insertion(+)

C:\Users\Swati\Devops\DevopsAssignment1>git push Feature_Branch1
fatal: 'Feature_Branch1' does not appear to be a git repository
fatal: Could not read from remote repository.

Please make sure you have the correct access rights
and the repository exists.

C:\Users\Swati\Devops\DevopsAssignment1>git checkout -b <Feature_Branch1>
The syntax of the command is incorrect.

C:\Users\Swati\Devops\DevopsAssignment1>git push -u origin <Feature_Branch1>
The syntax of the command is incorrect.

C:\Users\Swati\Devops\DevopsAssignment1>git help
usage: git [--version] [--help] [-C <path>] [-c <name>=<value>]
           [--exec-path[=<path>]] [--html-path] [--man-path] [--info-path]
           [-p | --paginate | -P | --no-pager] [--no-replace-objects] [--bare]
           [--git-dir=<path>] [--work-tree=<path>] [--namespace=<name>]
           [--super-prefix=<path>] [--config-env=<name>=<envvar>]
           <command> [<args>]

These are common Git commands used in various situations:

start a working area (see also: git help tutorial)
   clone             Clone a repository into a new directory
   init              Create an empty Git repository or reinitialize an existing one

work on the current change (see also: git help everyday)
   add               Add file contents to the index
   mv                Move or rename a file, a directory, or a symlink
   restore           Restore working tree files
   rm                Remove files from the working tree and from the index
   sparse-checkout   Initialize and modify the sparse-checkout

examine the history and state (see also: git help revisions)
   bisect            Use binary search to find the commit that introduced a bug
   diff              Show changes between commits, commit and working tree, etc
   grep              Print lines matching a pattern
   log               Show commit logs
   show              Show various types of objects
   status            Show the working tree status

grow, mark and tweak your common history
   branch            List, create, or delete branches
   commit            Record changes to the repository
   merge             Join two or more development histories together
   rebase            Reapply commits on top of another base tip
   reset             Reset current HEAD to the specified state
   switch            Switch branches
   tag               Create, list, delete or verify a tag object signed with GPG

collaborate (see also: git help workflows)
   fetch             Download objects and refs from another repository
   pull              Fetch from and integrate with another repository or a local branch
   push              Update remote refs along with associated objects

'git help -a' and 'git help -g' list available subcommands and some
concept guides. See 'git help <command>' or 'git help <concept>'
to read about a specific subcommand or concept.
See 'git help git' for an overview of the system.

C:\Users\Swati\Devops\DevopsAssignment1>git push
Enumerating objects: 5, done.
Counting objects: 100% (5/5), done.
Delta compression using up to 8 threads
Compressing objects: 100% (3/3), done.
Writing objects: 100% (3/3), 295 bytes | 147.00 KiB/s, done.
Total 3 (delta 2), reused 0 (delta 0), pack-reused 0
remote: Resolving deltas: 100% (2/2), completed with 2 local objects.
remote:
remote: Create a pull request for 'production' on GitHub by visiting:
remote:      https://github.com/Swatvi/DevopsAssignment1/pull/new/production
remote:
To https://github.com/Swatvi/DevopsAssignment1.git
 * [new branch]      production -> production

C:\Users\Swati\Devops\DevopsAssignment1>git fetch origin
remote: Enumerating objects: 1, done.
remote: Counting objects: 100% (1/1), done.
remote: Total 1 (delta 0), reused 0 (delta 0), pack-reused 0
Unpacking objects: 100% (1/1), 620 bytes | 62.00 KiB/s, done.
From https://github.com/Swatvi/DevopsAssignment1
 * [new branch]      Production -> origin/Production

C:\Users\Swati\Devops\DevopsAssignment1>git fetch origin
From https://github.com/Swatvi/DevopsAssignment1
 * [new branch]      Production -> origin/Production

C:\Users\Swati\Devops\DevopsAssignment1>git status
On branch NewBranch
Changes not staged for commit:
  (use "git add <file>..." to update what will be committed)
  (use "git restore <file>..." to discard changes in working directory)
        modified:   Import_Libraries

no changes added to commit (use "git add" and/or "git commit -a")

C:\Users\Swati\Devops\DevopsAssignment1>git add .

C:\Users\Swati\Devops\DevopsAssignment1>git status
On branch NewBranch
Changes to be committed:
  (use "git restore --staged <file>..." to unstage)
        modified:   Import_Libraries


C:\Users\Swati\Devops\DevopsAssignment1>git checkout -b NewBranch
fatal: A branch named 'NewBranch' already exists.

C:\Users\Swati\Devops\DevopsAssignment1>git push
fatal: The current branch NewBranch has no upstream branch.
To push the current branch and set the remote as upstream, use

    git push --set-upstream origin NewBranch


C:\Users\Swati\Devops\DevopsAssignment1>git push origin master
error: src refspec master does not match any
error: failed to push some refs to 'https://github.com/Swatvi/DevopsAssignment1.git'

C:\Users\Swati\Devops\DevopsAssignment1>git commit -m "First Commit"
[NewBranch 8e4b0ad] First Commit
 1 file changed, 1 insertion(+), 2 deletions(-)

C:\Users\Swati\Devops\DevopsAssignment1>git push origin master
error: src refspec master does not match any
error: failed to push some refs to 'https://github.com/Swatvi/DevopsAssignment1.git'

C:\Users\Swati\Devops\DevopsAssignment1>git add .

C:\Users\Swati\Devops\DevopsAssignment1>git commit -m "First Commit"
On branch NewBranch
nothing to commit, working tree clean

C:\Users\Swati\Devops\DevopsAssignment1>git push origin master
error: src refspec master does not match any
error: failed to push some refs to 'https://github.com/Swatvi/DevopsAssignment1.git'

C:\Users\Swati\Devops\DevopsAssignment1>git push origin
fatal: The current branch NewBranch has no upstream branch.
To push the current branch and set the remote as upstream, use

    git push --set-upstream origin NewBranch


C:\Users\Swati\Devops\DevopsAssignment1>git push --Development origin NewBranch
error: unknown option `Development'
usage: git push [<options>] [<repository> [<refspec>...]]

    -v, --verbose         be more verbose
    -q, --quiet           be more quiet
    --repo <repository>   repository
    --all                 push all refs
    --mirror              mirror all refs
    -d, --delete          delete refs
    --tags                push tags (can't be used with --all or --mirror)
    -n, --dry-run         dry run
    --porcelain           machine-readable output
    -f, --force           force updates
    --force-with-lease[=<refname>:<expect>]
                          require old value of ref to be at this value
    --force-if-includes   require remote updates to be integrated locally
    --recurse-submodules (check|on-demand|no)
                          control recursive pushing of submodules
    --thin                use thin pack
    --receive-pack <receive-pack>
                          receive pack program
    --exec <receive-pack>
                          receive pack program
    -u, --set-upstream    set upstream for git pull/status
    --progress            force progress reporting
    --prune               prune locally removed refs
    --no-verify           bypass pre-push hook
    --follow-tags         push missing but relevant tags
    --signed[=(yes|no|if-asked)]
                          GPG sign the push
    --atomic              request atomic transaction on remote side
    -o, --push-option <server-specific>
                          option to transmit
    -4, --ipv4            use IPv4 addresses only
    -6, --ipv6            use IPv6 addresses only


C:\Users\Swati\Devops\DevopsAssignment1>git push --Development
error: unknown option `Development'
usage: git push [<options>] [<repository> [<refspec>...]]

    -v, --verbose         be more verbose
    -q, --quiet           be more quiet
    --repo <repository>   repository
    --all                 push all refs
    --mirror              mirror all refs
    -d, --delete          delete refs
    --tags                push tags (can't be used with --all or --mirror)
    -n, --dry-run         dry run
    --porcelain           machine-readable output
    -f, --force           force updates
    --force-with-lease[=<refname>:<expect>]
                          require old value of ref to be at this value
    --force-if-includes   require remote updates to be integrated locally
    --recurse-submodules (check|on-demand|no)
                          control recursive pushing of submodules
    --thin                use thin pack
    --receive-pack <receive-pack>
                          receive pack program
    --exec <receive-pack>
                          receive pack program
    -u, --set-upstream    set upstream for git pull/status
    --progress            force progress reporting
    --prune               prune locally removed refs
    --no-verify           bypass pre-push hook
    --follow-tags         push missing but relevant tags
    --signed[=(yes|no|if-asked)]
                          GPG sign the push
    --atomic              request atomic transaction on remote side
    -o, --push-option <server-specific>
                          option to transmit
    -4, --ipv4            use IPv4 addresses only
    -6, --ipv6            use IPv6 addresses only


C:\Users\Swati\Devops\DevopsAssignment1>git push origin Development
error: src refspec Development does not match any
error: failed to push some refs to 'https://github.com/Swatvi/DevopsAssignment1.git'

C:\Users\Swati\Devops\DevopsAssignment1>git push origin Production
fatal: Production cannot be resolved to branch

C:\Users\Swati\Devops\DevopsAssignment1>git push origin
fatal: The current branch NewBranch has no upstream branch.
To push the current branch and set the remote as upstream, use

    git push --set-upstream origin NewBranch


C:\Users\Swati\Devops\DevopsAssignment1>git merge
fatal: No remote for the current branch.

C:\Users\Swati\Devops\DevopsAssignment1>git merge Production
Already up to date.

C:\Users\Swati\Devops\DevopsAssignment1>git checkout -b <Production>
The syntax of the command is incorrect.

C:\Users\Swati\Devops\DevopsAssignment1>git checkout -b Production
fatal: A branch named 'Production' already exists.

C:\Users\Swati\Devops\DevopsAssignment1>git checkout Production
Switched to branch 'Production'

C:\Users\Swati\Devops\DevopsAssignment1>git status
On branch Production
nothing to commit, working tree clean

C:\Users\Swati\Devops\DevopsAssignment1>git merge NewBranch
Updating c23b482..8e4b0ad
Fast-forward
 Import_Libraries | 3 +--
 1 file changed, 1 insertion(+), 2 deletions(-)

C:\Users\Swati\Devops\DevopsAssignment1>git push origin
fatal: The current branch Production has no upstream branch.
To push the current branch and set the remote as upstream, use

    git push --set-upstream origin Production


C:\Users\Swati\Devops\DevopsAssignment1>git push
fatal: The current branch Production has no upstream branch.
To push the current branch and set the remote as upstream, use

    git push --set-upstream origin Production


C:\Users\Swati\Devops\DevopsAssignment1>git push origin Production
To https://github.com/Swatvi/DevopsAssignment1.git
 ! [rejected]        Production -> Production (non-fast-forward)
error: failed to push some refs to 'https://github.com/Swatvi/DevopsAssignment1.git'
hint: Updates were rejected because the tip of your current branch is behind
hint: its remote counterpart. Integrate the remote changes (e.g.
hint: 'git pull ...') before pushing again.
hint: See the 'Note about fast-forwards' in 'git push --help' for details.

C:\Users\Swati\Devops\DevopsAssignment1>git pull
From https://github.com/Swatvi/DevopsAssignment1
 * [new branch]      production -> origin/production
There is no tracking information for the current branch.
Please specify which branch you want to merge with.
See git-pull(1) for details.

    git pull <remote> <branch>

If you wish to set tracking information for this branch you can do so with:

    git branch --set-upstream-to=origin/<branch> Production


C:\Users\Swati\Devops\DevopsAssignment1>git pull NewBranch
fatal: 'NewBranch' does not appear to be a git repository
fatal: Could not read from remote repository.

Please make sure you have the correct access rights
and the repository exists.

C:\Users\Swati\Devops\DevopsAssignment1>git checkout NewBranch
Switched to branch 'NewBranch'

C:\Users\Swati\Devops\DevopsAssignment1>git status
On branch NewBranch
nothing to commit, working tree clean

C:\Users\Swati\Devops\DevopsAssignment1>git push origin production
fatal: production cannot be resolved to branch

C:\Users\Swati\Devops\DevopsAssignment1>git push origin NewBranch
Enumerating objects: 10, done.
Counting objects: 100% (10/10), done.
Delta compression using up to 8 threads
Compressing objects: 100% (7/7), done.
Writing objects: 100% (7/7), 686 bytes | 686.00 KiB/s, done.
Total 7 (delta 4), reused 0 (delta 0), pack-reused 0
remote: Resolving deltas: 100% (4/4), completed with 2 local objects.
remote:
remote: Create a pull request for 'NewBranch' on GitHub by visiting:
remote:      https://github.com/Swatvi/DevopsAssignment1/pull/new/NewBranch
remote:
To https://github.com/Swatvi/DevopsAssignment1.git
 * [new branch]      NewBranch -> NewBranch

C:\Users\Swati\Devops\DevopsAssignment1>git checkout Production
Switched to branch 'Production'

C:\Users\Swati\Devops\DevopsAssignment1>git status
On branch Production
nothing to commit, working tree clean

C:\Users\Swati\Devops\DevopsAssignment1>git pull
remote: Enumerating objects: 2, done.
remote: Counting objects: 100% (2/2), done.
remote: Compressing objects: 100% (2/2), done.
remote: Total 2 (delta 0), reused 0 (delta 0), pack-reused 0
Unpacking objects: 100% (2/2), 1.20 KiB | 102.00 KiB/s, done.
From https://github.com/Swatvi/DevopsAssignment1
 * [new branch]      Production -> origin/Production
There is no tracking information for the current branch.
Please specify which branch you want to merge with.
See git-pull(1) for details.

    git pull <remote> <branch>

If you wish to set tracking information for this branch you can do so with:

    git branch --set-upstream-to=origin/<branch> Production


C:\Users\Swati\Devops\DevopsAssignment1>git pull origin
From https://github.com/Swatvi/DevopsAssignment1
 * [new branch]      production -> origin/production
You asked to pull from the remote 'origin', but did not specify
a branch. Because this is not the default configured remote
for your current branch, you must specify a branch on the command line.

C:\Users\Swati\Devops\DevopsAssignment1>git pull origin Production
From https://github.com/Swatvi/DevopsAssignment1
 * branch            Production -> FETCH_HEAD
 * [new branch]      Production -> origin/Production
Updating 8e4b0ad..0290ac4
Fast-forward

C:\Users\Swati\Devops\DevopsAssignment1>git pull production
fatal: 'production' does not appear to be a git repository
fatal: Could not read from remote repository.

Please make sure you have the correct access rights
and the repository exists.

C:\Users\Swati\Devops\DevopsAssignment1>git pull Production
fatal: 'Production' does not appear to be a git repository
fatal: Could not read from remote repository.

Please make sure you have the correct access rights
and the repository exists.

C:\Users\Swati\Devops\DevopsAssignment1>git pull
From https://github.com/Swatvi/DevopsAssignment1
 * [new branch]      production -> origin/production
There is no tracking information for the current branch.
Please specify which branch you want to merge with.
See git-pull(1) for details.

    git pull <remote> <branch>

If you wish to set tracking information for this branch you can do so with:

    git branch --set-upstream-to=origin/<branch> Production


C:\Users\Swati\Devops\DevopsAssignment1>git fetch origin
From https://github.com/Swatvi/DevopsAssignment1
 * [new branch]      Production -> origin/Production

C:\Users\Swati\Devops\DevopsAssignment1>git status
On branch Production
nothing to commit, working tree clean

C:\Users\Swati\Devops\DevopsAssignment1>git pull
From https://github.com/Swatvi/DevopsAssignment1
 * [new branch]      production -> origin/production
There is no tracking information for the current branch.
Please specify which branch you want to merge with.
See git-pull(1) for details.

    git pull <remote> <branch>

If you wish to set tracking information for this branch you can do so with:

    git branch --set-upstream-to=origin/<branch> Production


C:\Users\Swati\Devops\DevopsAssignment1>git checkout Production
Already on 'Production'

C:\Users\Swati\Devops\DevopsAssignment1>git pull
From https://github.com/Swatvi/DevopsAssignment1
 * [new branch]      Production -> origin/Production
There is no tracking information for the current branch.
Please specify which branch you want to merge with.
See git-pull(1) for details.

    git pull <remote> <branch>

If you wish to set tracking information for this branch you can do so with:

    git branch --set-upstream-to=origin/<branch> Production


C:\Users\Swati\Devops\DevopsAssignment1>git pull Production
fatal: 'Production' does not appear to be a git repository
fatal: Could not read from remote repository.

Please make sure you have the correct access rights
and the repository exists.

C:\Users\Swati\Devops\DevopsAssignment1>git status
On branch Production
nothing to commit, working tree clean

C:\Users\Swati\Devops\DevopsAssignment1>git checkout Development
Switched to a new branch 'Development'
Branch 'Development' set up to track remote branch 'Development' from 'origin'.

C:\Users\Swati\Devops\DevopsAssignment1>git status
On branch Development
Your branch is up to date with 'origin/Development'.

Changes not staged for commit:
  (use "git add <file>..." to update what will be committed)
  (use "git restore <file>..." to discard changes in working directory)
        modified:   Launch flipkart

no changes added to commit (use "git add" and/or "git commit -a")

C:\Users\Swati\Devops\DevopsAssignment1>git add .

C:\Users\Swati\Devops\DevopsAssignment1>git commit -m "Changes in Launch Flipkart"
[Development 21edc8a] Changes in Launch Flipkart
 1 file changed, 2 insertions(+)

C:\Users\Swati\Devops\DevopsAssignment1>git push Origin Development
fatal: 'Origin' does not appear to be a git repository
fatal: Could not read from remote repository.

Please make sure you have the correct access rights
and the repository exists.

C:\Users\Swati\Devops\DevopsAssignment1>git push origin Development
Enumerating objects: 5, done.
Counting objects: 100% (5/5), done.
Delta compression using up to 8 threads
Compressing objects: 100% (3/3), done.
Writing objects: 100% (3/3), 330 bytes | 330.00 KiB/s, done.
Total 3 (delta 2), reused 0 (delta 0), pack-reused 0
remote: Resolving deltas: 100% (2/2), completed with 2 local objects.
To https://github.com/Swatvi/DevopsAssignment1.git
   b5ad6e8..21edc8a  Development -> Development

C:\Users\Swati\Devops\DevopsAssignment1>git checkout Production
Switched to branch 'Production'

C:\Users\Swati\Devops\DevopsAssignment1>git status
On branch Production
nothing to commit, working tree clean

C:\Users\Swati\Devops\DevopsAssignment1>git pull
remote: Enumerating objects: 8, done.
remote: Counting objects: 100% (8/8), done.
remote: Compressing objects: 100% (4/4), done.
remote: Total 4 (delta 2), reused 0 (delta 0), pack-reused 0
Unpacking objects: 100% (4/4), 1.33 KiB | 50.00 KiB/s, done.
From https://github.com/Swatvi/DevopsAssignment1
   21edc8a..a8a9af3  Development -> origin/Development
   0290ac4..bfa356f  Production  -> origin/Production
 * [new branch]      production  -> origin/production
There is no tracking information for the current branch.
Please specify which branch you want to merge with.
See git-pull(1) for details.

    git pull <remote> <branch>

If you wish to set tracking information for this branch you can do so with:

    git branch --set-upstream-to=origin/<branch> Production


C:\Users\Swati\Devops\DevopsAssignment1>git pull
From https://github.com/Swatvi/DevopsAssignment1
 * [new branch]      Production -> origin/Production
There is no tracking information for the current branch.
Please specify which branch you want to merge with.
See git-pull(1) for details.

    git pull <remote> <branch>

If you wish to set tracking information for this branch you can do so with:

    git branch --set-upstream-to=origin/<branch> Production


C:\Users\Swati\Devops\DevopsAssignment1>
C:\Users\Swati\Devops\DevopsAssignment1>git status
On branch DevelopmentBranch
Changes not staged for commit:
  (use "git add <file>..." to update what will be committed)
  (use "git restore <file>..." to discard changes in working directory)
        modified:   Launch flipkart

no changes added to commit (use "git add" and/or "git commit -a")

C:\Users\Swati\Devops\DevopsAssignment1>git add .

C:\Users\Swati\Devops\DevopsAssignment1>git commit -m "Fixed loginbug"
[DevelopmentBranch eeff973] Fixed loginbug
 1 file changed, 3 deletions(-)

C:\Users\Swati\Devops\DevopsAssignment1>git push origin DevelopmentBranch
Enumerating objects: 5, done.
Counting objects: 100% (5/5), done.
Delta compression using up to 8 threads
Compressing objects: 100% (3/3), done.
Writing objects: 100% (3/3), 301 bytes | 301.00 KiB/s, done.
Total 3 (delta 2), reused 0 (delta 0), pack-reused 0
remote: Resolving deltas: 100% (2/2), completed with 2 local objects.
To https://github.com/Swatvi/DevopsAssignment1.git
   dd98f3c..eeff973  DevelopmentBranch -> DevelopmentBranch

C:\Users\Swati\Devops\DevopsAssignment1>git push checkout Production
fatal: 'checkout' does not appear to be a git repository
fatal: Could not read from remote repository.

Please make sure you have the correct access rights
and the repository exists.

C:\Users\Swati\Devops\DevopsAssignment1>git checkout Production
Switched to branch 'Production'

C:\Users\Swati\Devops\DevopsAssignment1>git branch
  Development
  DevelopmentBranch
  Feature_Branch1
  NewBranch
* Production
  main

C:\Users\Swati\Devops\DevopsAssignment1>git tag "Regression"

C:\Users\Swati\Devops\DevopsAssignment1>git push --tags
Total 0 (delta 0), reused 0 (delta 0), pack-reused 0
To https://github.com/Swatvi/DevopsAssignment1.git
 * [new tag]         Regression -> Regression

C:\Users\Swati\Devops\DevopsAssignment1>